// Jest Snapshot v1, https://goo.gl/fbAQLP

exports[`Emergency Request Form it matches the snapshot 1`] = `
ShallowWrapper {
  Symbol(enzyme.__root__): [Circular],
  Symbol(enzyme.__unrendered__): <EmergencyRequestForm
    history={Array []}
    shiftInfo={
      Object {
        "shiftId": 1,
      }
    }
  />,
  Symbol(enzyme.__renderer__): Object {
    "batchedUpdates": [Function],
    "getNode": [Function],
    "render": [Function],
    "simulateError": [Function],
    "simulateEvent": [Function],
    "unmount": [Function],
  },
  Symbol(enzyme.__node__): Object {
    "instance": null,
    "key": undefined,
    "nodeType": "host",
    "props": Object {
      "children": Array [
        <label
          className="shift-info-label"
          for="comment"
        >
          Comment:
        </label>,
        <input
          className="shift-info-entry"
          id="comment"
          name="comment"
          onChange={[Function]}
          placeholder="Why do you need to swap?"
          type="text"
        />,
        <br />,
        <br />,
        <section
          id="confirm-emergency"
        >
          <button
            className="custom-button"
            id="confirm-emergency-request"
          >
            Confirm
          </button>
        </section>,
      ],
      "id": "emergency-request-form",
      "onSubmit": [Function],
    },
    "ref": null,
    "rendered": Array [
      Object {
        "instance": null,
        "key": undefined,
        "nodeType": "host",
        "props": Object {
          "children": "Comment:",
          "className": "shift-info-label",
          "for": "comment",
        },
        "ref": null,
        "rendered": "Comment:",
        "type": "label",
      },
      Object {
        "instance": null,
        "key": undefined,
        "nodeType": "host",
        "props": Object {
          "className": "shift-info-entry",
          "id": "comment",
          "name": "comment",
          "onChange": [Function],
          "placeholder": "Why do you need to swap?",
          "type": "text",
        },
        "ref": null,
        "rendered": null,
        "type": "input",
      },
      Object {
        "instance": null,
        "key": undefined,
        "nodeType": "host",
        "props": Object {},
        "ref": null,
        "rendered": null,
        "type": "br",
      },
      Object {
        "instance": null,
        "key": undefined,
        "nodeType": "host",
        "props": Object {},
        "ref": null,
        "rendered": null,
        "type": "br",
      },
      Object {
        "instance": null,
        "key": undefined,
        "nodeType": "host",
        "props": Object {
          "children": <button
            className="custom-button"
            id="confirm-emergency-request"
          >
            Confirm
          </button>,
          "id": "confirm-emergency",
        },
        "ref": null,
        "rendered": Object {
          "instance": null,
          "key": undefined,
          "nodeType": "host",
          "props": Object {
            "children": "Confirm",
            "className": "custom-button",
            "id": "confirm-emergency-request",
          },
          "ref": null,
          "rendered": "Confirm",
          "type": "button",
        },
        "type": "section",
      },
    ],
    "type": "form",
  },
  Symbol(enzyme.__nodes__): Array [
    Object {
      "instance": null,
      "key": undefined,
      "nodeType": "host",
      "props": Object {
        "children": Array [
          <label
            className="shift-info-label"
            for="comment"
          >
            Comment:
          </label>,
          <input
            className="shift-info-entry"
            id="comment"
            name="comment"
            onChange={[Function]}
            placeholder="Why do you need to swap?"
            type="text"
          />,
          <br />,
          <br />,
          <section
            id="confirm-emergency"
          >
            <button
              className="custom-button"
              id="confirm-emergency-request"
            >
              Confirm
            </button>
          </section>,
        ],
        "id": "emergency-request-form",
        "onSubmit": [Function],
      },
      "ref": null,
      "rendered": Array [
        Object {
          "instance": null,
          "key": undefined,
          "nodeType": "host",
          "props": Object {
            "children": "Comment:",
            "className": "shift-info-label",
            "for": "comment",
          },
          "ref": null,
          "rendered": "Comment:",
          "type": "label",
        },
        Object {
          "instance": null,
          "key": undefined,
          "nodeType": "host",
          "props": Object {
            "className": "shift-info-entry",
            "id": "comment",
            "name": "comment",
            "onChange": [Function],
            "placeholder": "Why do you need to swap?",
            "type": "text",
          },
          "ref": null,
          "rendered": null,
          "type": "input",
        },
        Object {
          "instance": null,
          "key": undefined,
          "nodeType": "host",
          "props": Object {},
          "ref": null,
          "rendered": null,
          "type": "br",
        },
        Object {
          "instance": null,
          "key": undefined,
          "nodeType": "host",
          "props": Object {},
          "ref": null,
          "rendered": null,
          "type": "br",
        },
        Object {
          "instance": null,
          "key": undefined,
          "nodeType": "host",
          "props": Object {
            "children": <button
              className="custom-button"
              id="confirm-emergency-request"
            >
              Confirm
            </button>,
            "id": "confirm-emergency",
          },
          "ref": null,
          "rendered": Object {
            "instance": null,
            "key": undefined,
            "nodeType": "host",
            "props": Object {
              "children": "Confirm",
              "className": "custom-button",
              "id": "confirm-emergency-request",
            },
            "ref": null,
            "rendered": "Confirm",
            "type": "button",
          },
          "type": "section",
        },
      ],
      "type": "form",
    },
  ],
  Symbol(enzyme.__options__): Object {
    "adapter": ReactSixteenAdapter {
      "options": Object {
        "enableComponentDidUpdateOnSetState": true,
        "lifecycles": Object {
          "componentDidUpdate": Object {
            "onSetState": true,
          },
          "getDerivedStateFromProps": true,
          "getSnapshotBeforeUpdate": true,
          "setState": Object {
            "skipsComponentDidUpdateOnNullish": true,
          },
        },
      },
    },
  },
}
`;
