// Jest Snapshot v1, https://goo.gl/fbAQLP

exports[`Notifications List it matches the snapshot 1`] = `
ShallowWrapper {
  Symbol(enzyme.__root__): [Circular],
  Symbol(enzyme.__unrendered__): <NotificationsList
    history={Array []}
  />,
  Symbol(enzyme.__renderer__): Object {
    "batchedUpdates": [Function],
    "getNode": [Function],
    "render": [Function],
    "simulateError": [Function],
    "simulateEvent": [Function],
    "unmount": [Function],
  },
  Symbol(enzyme.__node__): Object {
    "instance": null,
    "key": undefined,
    "nodeType": "host",
    "props": Object {
      "children": Array [
        <h3
          className="popup-title"
        >
          Notifications
        </h3>,
        <div
          id="notifications-list"
        >
          <div
            id="notification-box"
          >
            <span
              id="notification-message"
            >
              <b>
                TestName2
              </b>
               wants to swap shifts with you.
            </span>
            <br />
            <span
              id="requester-shift-details"
            >
              Their shift: 
              18 Dec, 16:49
               - 
              18 Dec, 16:49
            </span>
            <br />
            <span
              id="respondent-shift-details"
            >
              Your shift: 
              18 Dec, 16:49
               - 
              18 Dec, 16:49
            </span>
            <br />
            <button
              className="custom-button"
              id="decline-swap-button"
              index={0}
              onClick={[Function]}
            >
              Decline
            </button>
            <button
              className="custom-button"
              id="approve-swap-button"
              index={0}
              onClick={[Function]}
            >
              Approve
            </button>
            <br />
            <br />
          </div>
          <span>
            <b>
              Emergency Requests:
            </b>
          </span>
          <br />
        </div>,
      ],
    },
    "ref": null,
    "rendered": Array [
      Object {
        "instance": null,
        "key": undefined,
        "nodeType": "host",
        "props": Object {
          "children": "Notifications",
          "className": "popup-title",
        },
        "ref": null,
        "rendered": "Notifications",
        "type": "h3",
      },
      Object {
        "instance": null,
        "key": undefined,
        "nodeType": "host",
        "props": Object {
          "children": Array [
            Array [
              <div
                id="notification-box"
              >
                <span
                  id="notification-message"
                >
                  <b>
                    TestName2
                  </b>
                   wants to swap shifts with you.
                </span>
                <br />
                <span
                  id="requester-shift-details"
                >
                  Their shift: 
                  18 Dec, 16:49
                   - 
                  18 Dec, 16:49
                </span>
                <br />
                <span
                  id="respondent-shift-details"
                >
                  Your shift: 
                  18 Dec, 16:49
                   - 
                  18 Dec, 16:49
                </span>
                <br />
                <button
                  className="custom-button"
                  id="decline-swap-button"
                  index={0}
                  onClick={[Function]}
                >
                  Decline
                </button>
                <button
                  className="custom-button"
                  id="approve-swap-button"
                  index={0}
                  onClick={[Function]}
                >
                  Approve
                </button>
                <br />
                <br />
              </div>,
            ],
            <span>
              <b>
                Emergency Requests:
              </b>
            </span>,
            <br />,
            Array [],
          ],
          "id": "notifications-list",
        },
        "ref": null,
        "rendered": Array [
          Object {
            "instance": null,
            "key": "0",
            "nodeType": "host",
            "props": Object {
              "children": Array [
                <span
                  id="notification-message"
                >
                  <b>
                    TestName2
                  </b>
                   wants to swap shifts with you.
                </span>,
                <br />,
                <span
                  id="requester-shift-details"
                >
                  Their shift: 
                  18 Dec, 16:49
                   - 
                  18 Dec, 16:49
                </span>,
                <br />,
                <span
                  id="respondent-shift-details"
                >
                  Your shift: 
                  18 Dec, 16:49
                   - 
                  18 Dec, 16:49
                </span>,
                <br />,
                <button
                  className="custom-button"
                  id="decline-swap-button"
                  index={0}
                  onClick={[Function]}
                >
                  Decline
                </button>,
                <button
                  className="custom-button"
                  id="approve-swap-button"
                  index={0}
                  onClick={[Function]}
                >
                  Approve
                </button>,
                <br />,
                <br />,
              ],
              "id": "notification-box",
            },
            "ref": null,
            "rendered": Array [
              Object {
                "instance": null,
                "key": undefined,
                "nodeType": "host",
                "props": Object {
                  "children": Array [
                    <b>
                      TestName2
                    </b>,
                    " wants to swap shifts with you.",
                  ],
                  "id": "notification-message",
                },
                "ref": null,
                "rendered": Array [
                  Object {
                    "instance": null,
                    "key": undefined,
                    "nodeType": "host",
                    "props": Object {
                      "children": "TestName2",
                    },
                    "ref": null,
                    "rendered": "TestName2",
                    "type": "b",
                  },
                  " wants to swap shifts with you.",
                ],
                "type": "span",
              },
              Object {
                "instance": null,
                "key": undefined,
                "nodeType": "host",
                "props": Object {},
                "ref": null,
                "rendered": null,
                "type": "br",
              },
              Object {
                "instance": null,
                "key": undefined,
                "nodeType": "host",
                "props": Object {
                  "children": Array [
                    "Their shift: ",
                    "18 Dec, 16:49",
                    " - ",
                    "18 Dec, 16:49",
                  ],
                  "id": "requester-shift-details",
                },
                "ref": null,
                "rendered": Array [
                  "Their shift: ",
                  "18 Dec, 16:49",
                  " - ",
                  "18 Dec, 16:49",
                ],
                "type": "span",
              },
              Object {
                "instance": null,
                "key": undefined,
                "nodeType": "host",
                "props": Object {},
                "ref": null,
                "rendered": null,
                "type": "br",
              },
              Object {
                "instance": null,
                "key": undefined,
                "nodeType": "host",
                "props": Object {
                  "children": Array [
                    "Your shift: ",
                    "18 Dec, 16:49",
                    " - ",
                    "18 Dec, 16:49",
                  ],
                  "id": "respondent-shift-details",
                },
                "ref": null,
                "rendered": Array [
                  "Your shift: ",
                  "18 Dec, 16:49",
                  " - ",
                  "18 Dec, 16:49",
                ],
                "type": "span",
              },
              Object {
                "instance": null,
                "key": undefined,
                "nodeType": "host",
                "props": Object {},
                "ref": null,
                "rendered": null,
                "type": "br",
              },
              Object {
                "instance": null,
                "key": undefined,
                "nodeType": "host",
                "props": Object {
                  "children": "Decline",
                  "className": "custom-button",
                  "id": "decline-swap-button",
                  "index": 0,
                  "onClick": [Function],
                },
                "ref": null,
                "rendered": "Decline",
                "type": "button",
              },
              Object {
                "instance": null,
                "key": undefined,
                "nodeType": "host",
                "props": Object {
                  "children": "Approve",
                  "className": "custom-button",
                  "id": "approve-swap-button",
                  "index": 0,
                  "onClick": [Function],
                },
                "ref": null,
                "rendered": "Approve",
                "type": "button",
              },
              Object {
                "instance": null,
                "key": undefined,
                "nodeType": "host",
                "props": Object {},
                "ref": null,
                "rendered": null,
                "type": "br",
              },
              Object {
                "instance": null,
                "key": undefined,
                "nodeType": "host",
                "props": Object {},
                "ref": null,
                "rendered": null,
                "type": "br",
              },
            ],
            "type": "div",
          },
          Object {
            "instance": null,
            "key": undefined,
            "nodeType": "host",
            "props": Object {
              "children": <b>
                Emergency Requests:
              </b>,
            },
            "ref": null,
            "rendered": Object {
              "instance": null,
              "key": undefined,
              "nodeType": "host",
              "props": Object {
                "children": "Emergency Requests:",
              },
              "ref": null,
              "rendered": "Emergency Requests:",
              "type": "b",
            },
            "type": "span",
          },
          Object {
            "instance": null,
            "key": undefined,
            "nodeType": "host",
            "props": Object {},
            "ref": null,
            "rendered": null,
            "type": "br",
          },
        ],
        "type": "div",
      },
    ],
    "type": "div",
  },
  Symbol(enzyme.__nodes__): Array [
    Object {
      "instance": null,
      "key": undefined,
      "nodeType": "host",
      "props": Object {
        "children": Array [
          <h3
            className="popup-title"
          >
            Notifications
          </h3>,
          <div
            id="notifications-list"
          >
            <div
              id="notification-box"
            >
              <span
                id="notification-message"
              >
                <b>
                  TestName2
                </b>
                 wants to swap shifts with you.
              </span>
              <br />
              <span
                id="requester-shift-details"
              >
                Their shift: 
                18 Dec, 16:49
                 - 
                18 Dec, 16:49
              </span>
              <br />
              <span
                id="respondent-shift-details"
              >
                Your shift: 
                18 Dec, 16:49
                 - 
                18 Dec, 16:49
              </span>
              <br />
              <button
                className="custom-button"
                id="decline-swap-button"
                index={0}
                onClick={[Function]}
              >
                Decline
              </button>
              <button
                className="custom-button"
                id="approve-swap-button"
                index={0}
                onClick={[Function]}
              >
                Approve
              </button>
              <br />
              <br />
            </div>
            <span>
              <b>
                Emergency Requests:
              </b>
            </span>
            <br />
          </div>,
        ],
      },
      "ref": null,
      "rendered": Array [
        Object {
          "instance": null,
          "key": undefined,
          "nodeType": "host",
          "props": Object {
            "children": "Notifications",
            "className": "popup-title",
          },
          "ref": null,
          "rendered": "Notifications",
          "type": "h3",
        },
        Object {
          "instance": null,
          "key": undefined,
          "nodeType": "host",
          "props": Object {
            "children": Array [
              Array [
                <div
                  id="notification-box"
                >
                  <span
                    id="notification-message"
                  >
                    <b>
                      TestName2
                    </b>
                     wants to swap shifts with you.
                  </span>
                  <br />
                  <span
                    id="requester-shift-details"
                  >
                    Their shift: 
                    18 Dec, 16:49
                     - 
                    18 Dec, 16:49
                  </span>
                  <br />
                  <span
                    id="respondent-shift-details"
                  >
                    Your shift: 
                    18 Dec, 16:49
                     - 
                    18 Dec, 16:49
                  </span>
                  <br />
                  <button
                    className="custom-button"
                    id="decline-swap-button"
                    index={0}
                    onClick={[Function]}
                  >
                    Decline
                  </button>
                  <button
                    className="custom-button"
                    id="approve-swap-button"
                    index={0}
                    onClick={[Function]}
                  >
                    Approve
                  </button>
                  <br />
                  <br />
                </div>,
              ],
              <span>
                <b>
                  Emergency Requests:
                </b>
              </span>,
              <br />,
              Array [],
            ],
            "id": "notifications-list",
          },
          "ref": null,
          "rendered": Array [
            Object {
              "instance": null,
              "key": "0",
              "nodeType": "host",
              "props": Object {
                "children": Array [
                  <span
                    id="notification-message"
                  >
                    <b>
                      TestName2
                    </b>
                     wants to swap shifts with you.
                  </span>,
                  <br />,
                  <span
                    id="requester-shift-details"
                  >
                    Their shift: 
                    18 Dec, 16:49
                     - 
                    18 Dec, 16:49
                  </span>,
                  <br />,
                  <span
                    id="respondent-shift-details"
                  >
                    Your shift: 
                    18 Dec, 16:49
                     - 
                    18 Dec, 16:49
                  </span>,
                  <br />,
                  <button
                    className="custom-button"
                    id="decline-swap-button"
                    index={0}
                    onClick={[Function]}
                  >
                    Decline
                  </button>,
                  <button
                    className="custom-button"
                    id="approve-swap-button"
                    index={0}
                    onClick={[Function]}
                  >
                    Approve
                  </button>,
                  <br />,
                  <br />,
                ],
                "id": "notification-box",
              },
              "ref": null,
              "rendered": Array [
                Object {
                  "instance": null,
                  "key": undefined,
                  "nodeType": "host",
                  "props": Object {
                    "children": Array [
                      <b>
                        TestName2
                      </b>,
                      " wants to swap shifts with you.",
                    ],
                    "id": "notification-message",
                  },
                  "ref": null,
                  "rendered": Array [
                    Object {
                      "instance": null,
                      "key": undefined,
                      "nodeType": "host",
                      "props": Object {
                        "children": "TestName2",
                      },
                      "ref": null,
                      "rendered": "TestName2",
                      "type": "b",
                    },
                    " wants to swap shifts with you.",
                  ],
                  "type": "span",
                },
                Object {
                  "instance": null,
                  "key": undefined,
                  "nodeType": "host",
                  "props": Object {},
                  "ref": null,
                  "rendered": null,
                  "type": "br",
                },
                Object {
                  "instance": null,
                  "key": undefined,
                  "nodeType": "host",
                  "props": Object {
                    "children": Array [
                      "Their shift: ",
                      "18 Dec, 16:49",
                      " - ",
                      "18 Dec, 16:49",
                    ],
                    "id": "requester-shift-details",
                  },
                  "ref": null,
                  "rendered": Array [
                    "Their shift: ",
                    "18 Dec, 16:49",
                    " - ",
                    "18 Dec, 16:49",
                  ],
                  "type": "span",
                },
                Object {
                  "instance": null,
                  "key": undefined,
                  "nodeType": "host",
                  "props": Object {},
                  "ref": null,
                  "rendered": null,
                  "type": "br",
                },
                Object {
                  "instance": null,
                  "key": undefined,
                  "nodeType": "host",
                  "props": Object {
                    "children": Array [
                      "Your shift: ",
                      "18 Dec, 16:49",
                      " - ",
                      "18 Dec, 16:49",
                    ],
                    "id": "respondent-shift-details",
                  },
                  "ref": null,
                  "rendered": Array [
                    "Your shift: ",
                    "18 Dec, 16:49",
                    " - ",
                    "18 Dec, 16:49",
                  ],
                  "type": "span",
                },
                Object {
                  "instance": null,
                  "key": undefined,
                  "nodeType": "host",
                  "props": Object {},
                  "ref": null,
                  "rendered": null,
                  "type": "br",
                },
                Object {
                  "instance": null,
                  "key": undefined,
                  "nodeType": "host",
                  "props": Object {
                    "children": "Decline",
                    "className": "custom-button",
                    "id": "decline-swap-button",
                    "index": 0,
                    "onClick": [Function],
                  },
                  "ref": null,
                  "rendered": "Decline",
                  "type": "button",
                },
                Object {
                  "instance": null,
                  "key": undefined,
                  "nodeType": "host",
                  "props": Object {
                    "children": "Approve",
                    "className": "custom-button",
                    "id": "approve-swap-button",
                    "index": 0,
                    "onClick": [Function],
                  },
                  "ref": null,
                  "rendered": "Approve",
                  "type": "button",
                },
                Object {
                  "instance": null,
                  "key": undefined,
                  "nodeType": "host",
                  "props": Object {},
                  "ref": null,
                  "rendered": null,
                  "type": "br",
                },
                Object {
                  "instance": null,
                  "key": undefined,
                  "nodeType": "host",
                  "props": Object {},
                  "ref": null,
                  "rendered": null,
                  "type": "br",
                },
              ],
              "type": "div",
            },
            Object {
              "instance": null,
              "key": undefined,
              "nodeType": "host",
              "props": Object {
                "children": <b>
                  Emergency Requests:
                </b>,
              },
              "ref": null,
              "rendered": Object {
                "instance": null,
                "key": undefined,
                "nodeType": "host",
                "props": Object {
                  "children": "Emergency Requests:",
                },
                "ref": null,
                "rendered": "Emergency Requests:",
                "type": "b",
              },
              "type": "span",
            },
            Object {
              "instance": null,
              "key": undefined,
              "nodeType": "host",
              "props": Object {},
              "ref": null,
              "rendered": null,
              "type": "br",
            },
          ],
          "type": "div",
        },
      ],
      "type": "div",
    },
  ],
  Symbol(enzyme.__options__): Object {
    "adapter": ReactSixteenAdapter {
      "options": Object {
        "enableComponentDidUpdateOnSetState": true,
        "lifecycles": Object {
          "componentDidUpdate": Object {
            "onSetState": true,
          },
          "getDerivedStateFromProps": true,
          "getSnapshotBeforeUpdate": true,
          "setState": Object {
            "skipsComponentDidUpdateOnNullish": true,
          },
        },
      },
    },
  },
}
`;
