// Jest Snapshot v1, https://goo.gl/fbAQLP

exports[`sign up form it matches the snapshot 1`] = `
ShallowWrapper {
  Symbol(enzyme.__root__): [Circular],
  Symbol(enzyme.__unrendered__): <SignUpForm
    history={Array []}
  />,
  Symbol(enzyme.__renderer__): Object {
    "batchedUpdates": [Function],
    "getNode": [Function],
    "render": [Function],
    "simulateError": [Function],
    "simulateEvent": [Function],
    "unmount": [Function],
  },
  Symbol(enzyme.__node__): Object {
    "instance": null,
    "key": undefined,
    "nodeType": "host",
    "props": Object {
      "children": Array [
        <IndexTitle />,
        <form
          className="sign-up-form"
          onSubmit={[Function]}
        >
          <input
            className="sign-up-entry"
            id="sign-up-name-entry"
            name="name"
            onChange={[Function]}
            placeholder="Name"
            type="text"
          />
          <br />
          <input
            className="sign-up-entry"
            id="sign-up-organisation-entry"
            name="organisation"
            onChange={[Function]}
            placeholder="Organisation"
            type="text"
          />
          <br />
          <input
            className="sign-up-entry"
            id="sign-up-job-title-entry"
            name="jobTitle"
            onChange={[Function]}
            placeholder="Job Title"
            type="text"
          />
          <br />
          <input
            className="sign-up-entry"
            id="sign-up-email-entry"
            name="email"
            onChange={[Function]}
            placeholder="Email"
            type="text"
          />
          <br />
          <input
            className="sign-up-entry"
            id="sign-up-mobile-entry"
            name="mobile"
            onChange={[Function]}
            placeholder="Mobile"
            type="text"
          />
          <br />
          <input
            className="sign-up-entry"
            id="sign-up-password-entry"
            name="password"
            onChange={[Function]}
            placeholder="Password"
            type="password"
          />
          <br />
          <input
            className="sign-up-entry"
            id="sign-up-password-confirmation"
            name="passwordConfirmation"
            onChange={[Function]}
            placeholder="Confirm Password"
            type="password"
          />
          <br />
          <br />
          <button
            className="custom-button"
            disabled={true}
            id="sign-up-submit"
          >
            Submit
          </button>
        </form>,
        <button
          className="custom-button"
          id="sign-in-button"
          onClick={[Function]}
        >
          Sign In
        </button>,
      ],
      "id": "sign-up-page",
    },
    "ref": null,
    "rendered": Array [
      Object {
        "instance": null,
        "key": undefined,
        "nodeType": "function",
        "props": Object {},
        "ref": null,
        "rendered": null,
        "type": [Function],
      },
      Object {
        "instance": null,
        "key": undefined,
        "nodeType": "host",
        "props": Object {
          "children": Array [
            <input
              className="sign-up-entry"
              id="sign-up-name-entry"
              name="name"
              onChange={[Function]}
              placeholder="Name"
              type="text"
            />,
            <br />,
            <input
              className="sign-up-entry"
              id="sign-up-organisation-entry"
              name="organisation"
              onChange={[Function]}
              placeholder="Organisation"
              type="text"
            />,
            <br />,
            <input
              className="sign-up-entry"
              id="sign-up-job-title-entry"
              name="jobTitle"
              onChange={[Function]}
              placeholder="Job Title"
              type="text"
            />,
            <br />,
            <input
              className="sign-up-entry"
              id="sign-up-email-entry"
              name="email"
              onChange={[Function]}
              placeholder="Email"
              type="text"
            />,
            <br />,
            <input
              className="sign-up-entry"
              id="sign-up-mobile-entry"
              name="mobile"
              onChange={[Function]}
              placeholder="Mobile"
              type="text"
            />,
            <br />,
            <input
              className="sign-up-entry"
              id="sign-up-password-entry"
              name="password"
              onChange={[Function]}
              placeholder="Password"
              type="password"
            />,
            <br />,
            <input
              className="sign-up-entry"
              id="sign-up-password-confirmation"
              name="passwordConfirmation"
              onChange={[Function]}
              placeholder="Confirm Password"
              type="password"
            />,
            <br />,
            <br />,
            <button
              className="custom-button"
              disabled={true}
              id="sign-up-submit"
            >
              Submit
            </button>,
          ],
          "className": "sign-up-form",
          "onSubmit": [Function],
        },
        "ref": null,
        "rendered": Array [
          Object {
            "instance": null,
            "key": undefined,
            "nodeType": "host",
            "props": Object {
              "className": "sign-up-entry",
              "id": "sign-up-name-entry",
              "name": "name",
              "onChange": [Function],
              "placeholder": "Name",
              "type": "text",
            },
            "ref": null,
            "rendered": null,
            "type": "input",
          },
          Object {
            "instance": null,
            "key": undefined,
            "nodeType": "host",
            "props": Object {},
            "ref": null,
            "rendered": null,
            "type": "br",
          },
          Object {
            "instance": null,
            "key": undefined,
            "nodeType": "host",
            "props": Object {
              "className": "sign-up-entry",
              "id": "sign-up-organisation-entry",
              "name": "organisation",
              "onChange": [Function],
              "placeholder": "Organisation",
              "type": "text",
            },
            "ref": null,
            "rendered": null,
            "type": "input",
          },
          Object {
            "instance": null,
            "key": undefined,
            "nodeType": "host",
            "props": Object {},
            "ref": null,
            "rendered": null,
            "type": "br",
          },
          Object {
            "instance": null,
            "key": undefined,
            "nodeType": "host",
            "props": Object {
              "className": "sign-up-entry",
              "id": "sign-up-job-title-entry",
              "name": "jobTitle",
              "onChange": [Function],
              "placeholder": "Job Title",
              "type": "text",
            },
            "ref": null,
            "rendered": null,
            "type": "input",
          },
          Object {
            "instance": null,
            "key": undefined,
            "nodeType": "host",
            "props": Object {},
            "ref": null,
            "rendered": null,
            "type": "br",
          },
          Object {
            "instance": null,
            "key": undefined,
            "nodeType": "host",
            "props": Object {
              "className": "sign-up-entry",
              "id": "sign-up-email-entry",
              "name": "email",
              "onChange": [Function],
              "placeholder": "Email",
              "type": "text",
            },
            "ref": null,
            "rendered": null,
            "type": "input",
          },
          Object {
            "instance": null,
            "key": undefined,
            "nodeType": "host",
            "props": Object {},
            "ref": null,
            "rendered": null,
            "type": "br",
          },
          Object {
            "instance": null,
            "key": undefined,
            "nodeType": "host",
            "props": Object {
              "className": "sign-up-entry",
              "id": "sign-up-mobile-entry",
              "name": "mobile",
              "onChange": [Function],
              "placeholder": "Mobile",
              "type": "text",
            },
            "ref": null,
            "rendered": null,
            "type": "input",
          },
          Object {
            "instance": null,
            "key": undefined,
            "nodeType": "host",
            "props": Object {},
            "ref": null,
            "rendered": null,
            "type": "br",
          },
          Object {
            "instance": null,
            "key": undefined,
            "nodeType": "host",
            "props": Object {
              "className": "sign-up-entry",
              "id": "sign-up-password-entry",
              "name": "password",
              "onChange": [Function],
              "placeholder": "Password",
              "type": "password",
            },
            "ref": null,
            "rendered": null,
            "type": "input",
          },
          Object {
            "instance": null,
            "key": undefined,
            "nodeType": "host",
            "props": Object {},
            "ref": null,
            "rendered": null,
            "type": "br",
          },
          Object {
            "instance": null,
            "key": undefined,
            "nodeType": "host",
            "props": Object {
              "className": "sign-up-entry",
              "id": "sign-up-password-confirmation",
              "name": "passwordConfirmation",
              "onChange": [Function],
              "placeholder": "Confirm Password",
              "type": "password",
            },
            "ref": null,
            "rendered": null,
            "type": "input",
          },
          Object {
            "instance": null,
            "key": undefined,
            "nodeType": "host",
            "props": Object {},
            "ref": null,
            "rendered": null,
            "type": "br",
          },
          Object {
            "instance": null,
            "key": undefined,
            "nodeType": "host",
            "props": Object {},
            "ref": null,
            "rendered": null,
            "type": "br",
          },
          Object {
            "instance": null,
            "key": undefined,
            "nodeType": "host",
            "props": Object {
              "children": "Submit",
              "className": "custom-button",
              "disabled": true,
              "id": "sign-up-submit",
            },
            "ref": null,
            "rendered": "Submit",
            "type": "button",
          },
        ],
        "type": "form",
      },
      Object {
        "instance": null,
        "key": undefined,
        "nodeType": "host",
        "props": Object {
          "children": "Sign In",
          "className": "custom-button",
          "id": "sign-in-button",
          "onClick": [Function],
        },
        "ref": null,
        "rendered": "Sign In",
        "type": "button",
      },
    ],
    "type": "div",
  },
  Symbol(enzyme.__nodes__): Array [
    Object {
      "instance": null,
      "key": undefined,
      "nodeType": "host",
      "props": Object {
        "children": Array [
          <IndexTitle />,
          <form
            className="sign-up-form"
            onSubmit={[Function]}
          >
            <input
              className="sign-up-entry"
              id="sign-up-name-entry"
              name="name"
              onChange={[Function]}
              placeholder="Name"
              type="text"
            />
            <br />
            <input
              className="sign-up-entry"
              id="sign-up-organisation-entry"
              name="organisation"
              onChange={[Function]}
              placeholder="Organisation"
              type="text"
            />
            <br />
            <input
              className="sign-up-entry"
              id="sign-up-job-title-entry"
              name="jobTitle"
              onChange={[Function]}
              placeholder="Job Title"
              type="text"
            />
            <br />
            <input
              className="sign-up-entry"
              id="sign-up-email-entry"
              name="email"
              onChange={[Function]}
              placeholder="Email"
              type="text"
            />
            <br />
            <input
              className="sign-up-entry"
              id="sign-up-mobile-entry"
              name="mobile"
              onChange={[Function]}
              placeholder="Mobile"
              type="text"
            />
            <br />
            <input
              className="sign-up-entry"
              id="sign-up-password-entry"
              name="password"
              onChange={[Function]}
              placeholder="Password"
              type="password"
            />
            <br />
            <input
              className="sign-up-entry"
              id="sign-up-password-confirmation"
              name="passwordConfirmation"
              onChange={[Function]}
              placeholder="Confirm Password"
              type="password"
            />
            <br />
            <br />
            <button
              className="custom-button"
              disabled={true}
              id="sign-up-submit"
            >
              Submit
            </button>
          </form>,
          <button
            className="custom-button"
            id="sign-in-button"
            onClick={[Function]}
          >
            Sign In
          </button>,
        ],
        "id": "sign-up-page",
      },
      "ref": null,
      "rendered": Array [
        Object {
          "instance": null,
          "key": undefined,
          "nodeType": "function",
          "props": Object {},
          "ref": null,
          "rendered": null,
          "type": [Function],
        },
        Object {
          "instance": null,
          "key": undefined,
          "nodeType": "host",
          "props": Object {
            "children": Array [
              <input
                className="sign-up-entry"
                id="sign-up-name-entry"
                name="name"
                onChange={[Function]}
                placeholder="Name"
                type="text"
              />,
              <br />,
              <input
                className="sign-up-entry"
                id="sign-up-organisation-entry"
                name="organisation"
                onChange={[Function]}
                placeholder="Organisation"
                type="text"
              />,
              <br />,
              <input
                className="sign-up-entry"
                id="sign-up-job-title-entry"
                name="jobTitle"
                onChange={[Function]}
                placeholder="Job Title"
                type="text"
              />,
              <br />,
              <input
                className="sign-up-entry"
                id="sign-up-email-entry"
                name="email"
                onChange={[Function]}
                placeholder="Email"
                type="text"
              />,
              <br />,
              <input
                className="sign-up-entry"
                id="sign-up-mobile-entry"
                name="mobile"
                onChange={[Function]}
                placeholder="Mobile"
                type="text"
              />,
              <br />,
              <input
                className="sign-up-entry"
                id="sign-up-password-entry"
                name="password"
                onChange={[Function]}
                placeholder="Password"
                type="password"
              />,
              <br />,
              <input
                className="sign-up-entry"
                id="sign-up-password-confirmation"
                name="passwordConfirmation"
                onChange={[Function]}
                placeholder="Confirm Password"
                type="password"
              />,
              <br />,
              <br />,
              <button
                className="custom-button"
                disabled={true}
                id="sign-up-submit"
              >
                Submit
              </button>,
            ],
            "className": "sign-up-form",
            "onSubmit": [Function],
          },
          "ref": null,
          "rendered": Array [
            Object {
              "instance": null,
              "key": undefined,
              "nodeType": "host",
              "props": Object {
                "className": "sign-up-entry",
                "id": "sign-up-name-entry",
                "name": "name",
                "onChange": [Function],
                "placeholder": "Name",
                "type": "text",
              },
              "ref": null,
              "rendered": null,
              "type": "input",
            },
            Object {
              "instance": null,
              "key": undefined,
              "nodeType": "host",
              "props": Object {},
              "ref": null,
              "rendered": null,
              "type": "br",
            },
            Object {
              "instance": null,
              "key": undefined,
              "nodeType": "host",
              "props": Object {
                "className": "sign-up-entry",
                "id": "sign-up-organisation-entry",
                "name": "organisation",
                "onChange": [Function],
                "placeholder": "Organisation",
                "type": "text",
              },
              "ref": null,
              "rendered": null,
              "type": "input",
            },
            Object {
              "instance": null,
              "key": undefined,
              "nodeType": "host",
              "props": Object {},
              "ref": null,
              "rendered": null,
              "type": "br",
            },
            Object {
              "instance": null,
              "key": undefined,
              "nodeType": "host",
              "props": Object {
                "className": "sign-up-entry",
                "id": "sign-up-job-title-entry",
                "name": "jobTitle",
                "onChange": [Function],
                "placeholder": "Job Title",
                "type": "text",
              },
              "ref": null,
              "rendered": null,
              "type": "input",
            },
            Object {
              "instance": null,
              "key": undefined,
              "nodeType": "host",
              "props": Object {},
              "ref": null,
              "rendered": null,
              "type": "br",
            },
            Object {
              "instance": null,
              "key": undefined,
              "nodeType": "host",
              "props": Object {
                "className": "sign-up-entry",
                "id": "sign-up-email-entry",
                "name": "email",
                "onChange": [Function],
                "placeholder": "Email",
                "type": "text",
              },
              "ref": null,
              "rendered": null,
              "type": "input",
            },
            Object {
              "instance": null,
              "key": undefined,
              "nodeType": "host",
              "props": Object {},
              "ref": null,
              "rendered": null,
              "type": "br",
            },
            Object {
              "instance": null,
              "key": undefined,
              "nodeType": "host",
              "props": Object {
                "className": "sign-up-entry",
                "id": "sign-up-mobile-entry",
                "name": "mobile",
                "onChange": [Function],
                "placeholder": "Mobile",
                "type": "text",
              },
              "ref": null,
              "rendered": null,
              "type": "input",
            },
            Object {
              "instance": null,
              "key": undefined,
              "nodeType": "host",
              "props": Object {},
              "ref": null,
              "rendered": null,
              "type": "br",
            },
            Object {
              "instance": null,
              "key": undefined,
              "nodeType": "host",
              "props": Object {
                "className": "sign-up-entry",
                "id": "sign-up-password-entry",
                "name": "password",
                "onChange": [Function],
                "placeholder": "Password",
                "type": "password",
              },
              "ref": null,
              "rendered": null,
              "type": "input",
            },
            Object {
              "instance": null,
              "key": undefined,
              "nodeType": "host",
              "props": Object {},
              "ref": null,
              "rendered": null,
              "type": "br",
            },
            Object {
              "instance": null,
              "key": undefined,
              "nodeType": "host",
              "props": Object {
                "className": "sign-up-entry",
                "id": "sign-up-password-confirmation",
                "name": "passwordConfirmation",
                "onChange": [Function],
                "placeholder": "Confirm Password",
                "type": "password",
              },
              "ref": null,
              "rendered": null,
              "type": "input",
            },
            Object {
              "instance": null,
              "key": undefined,
              "nodeType": "host",
              "props": Object {},
              "ref": null,
              "rendered": null,
              "type": "br",
            },
            Object {
              "instance": null,
              "key": undefined,
              "nodeType": "host",
              "props": Object {},
              "ref": null,
              "rendered": null,
              "type": "br",
            },
            Object {
              "instance": null,
              "key": undefined,
              "nodeType": "host",
              "props": Object {
                "children": "Submit",
                "className": "custom-button",
                "disabled": true,
                "id": "sign-up-submit",
              },
              "ref": null,
              "rendered": "Submit",
              "type": "button",
            },
          ],
          "type": "form",
        },
        Object {
          "instance": null,
          "key": undefined,
          "nodeType": "host",
          "props": Object {
            "children": "Sign In",
            "className": "custom-button",
            "id": "sign-in-button",
            "onClick": [Function],
          },
          "ref": null,
          "rendered": "Sign In",
          "type": "button",
        },
      ],
      "type": "div",
    },
  ],
  Symbol(enzyme.__options__): Object {
    "adapter": ReactSixteenAdapter {
      "options": Object {
        "enableComponentDidUpdateOnSetState": true,
        "lifecycles": Object {
          "componentDidUpdate": Object {
            "onSetState": true,
          },
          "getDerivedStateFromProps": true,
          "getSnapshotBeforeUpdate": true,
          "setState": Object {
            "skipsComponentDidUpdateOnNullish": true,
          },
        },
      },
    },
  },
}
`;
